initialized db at /home/jordan/Documents/Developing/Jobs/jobs.db
found 1 recent 'Who is hiring' threads
  thread 47601859: Ask HN: Who is hiring? (April 2026)
    +0 new jobs
done. 0 new HN jobs inserted.
initialized db at /home/jordan/Documents/Developing/Jobs/jobs.db
found 1 recent 'Who is hiring' threads
  thread 47601859: Ask HN: Who is hiring? (April 2026)
    +0 new jobs
done. 0 new HN jobs inserted.
initialized db at /home/jordan/Documents/Developing/Jobs/jobs.db
found 1 recent 'Who is hiring' threads
  thread 47601859: Ask HN: Who is hiring? (April 2026)
    +0 new jobs
done. 0 new HN jobs inserted.
initialized db at /home/jordan/Documents/Developing/Jobs/jobs.db
found 1 recent 'Who is hiring' threads
  thread 47601859: Ask HN: Who is hiring? (April 2026)
    +0 new jobs
done. 0 new HN jobs inserted.
